vierkant			function(x,y,h) {
	return (function(c) {
		c.beginPath();
		c.rect(x * 72, 720 - ((y+h) * 72) - 1, z * 72, z * 72);
		c.fillStyle = "white";
		c.fill();
		return c;});
	})
rechthoek			function(x,y,w,h) {
	return (function(c){
		c.beginPath();
		c.rect(x * 72, 720 - ((y+h) * 72) - 1, w * 72, h * 72);
		c.fillStyle = "white";
		c.fill();
		return c;
	});
}
cirkel				function(x,y,z) {
	return (function(c){
		c.beginPath();
		c.arc(x * 72, 720 - (y * 72) - 1, z * 72/2, 0, Math.PI * 2);
		c.fillStyle = "white";
		c.fill();
		return c;
	});
}
label					function(x,y,z) {
	return (function(c){
		c.font = "48px Arial";
		c.fillStyle = "white";
		c.fillText(z, x * 72, 720 - (y * 72) - 1);return c;
	})(x,y;
})
tekst					function(x) { return Array.isArray(x) ? x.toSource() : x.toString(); }
clearCanvas		function(x) { return x.clearRect(0,0,1280,720) || x; }
setInnerHtml	function(a) {
		var t = Array.isArray($1) ? $1.toSource() : $1.toString();
		if (html != t) {
			uit.innerHTML = t;
			html = t;
		}
		return uit.children[0];
}
requestAnimationFrame	(function f(t) {
		if (stop) {stop = false; uit.innerHTML = ''; return; }
		var r = t && t();
		mouseLeftPressed = false;
		mouseLeftReleased = false;
		keySpacePressed = false;
		keySpaceReleased = false;
		requestAnimationFrame(f);
		return true;
	})()

herhaal
	(function(f, x) {
		var a = x;
		while (1) {
			var b = f(a);
			if (b) {
				a = b;
			} else {
				break;
			}
		}
		return a;
	})($1, $2)
getContext			uit.children[0].getContext("2d")'
consolelog			console.log($1)'
